ARM Linker, 4.1 [Build 481] [Standard]

==============================================================================

Section Cross References

    main.o(.text) refers to led.o(.text) for LED_Configuration
    main.o(.text) refers to systick.o(.text) for SysTick_Configuration
    main.o(.text) refers to usart.o(.text) for USART_Configuration
    main.o(.text) refers to buzzer.o(.text) for Buzzer_Configuration
    main.o(.text) refers to pwm.o(.text) for PWM_Configuration
    main.o(.text) refers to main.o(.data) for instruction
    stm32f10x_it.o(.text) refers to stm32f10x_tim.o(.text) for TIM_GetITStatus
    stm32f10x_it.o(.text) refers to led.o(.text) for LED_Set
    stm32f10x_it.o(.text) refers to stm32f10x_usart.o(.text) for USART_GetITStatus
    stm32f10x_it.o(.text) refers to usart.o(.text) for USART1_ReceiveData
    stm32f10x_it.o(.text) refers to systick.o(.data) for TimingDelay
    stm32f10x_it.o(.text) refers to stm32f10x_it.o(.data) for led_value
    stm32f10x_it.o(.text) refers to main.o(.data) for instruction
    system_stm32f10x.o(.text) refers to system_stm32f10x.o(.data) for SystemCoreClock
    stm32f10x_adc.o(.text) refers to stm32f10x_rcc.o(.text) for RCC_APB2PeriphResetCmd
    stm32f10x_bkp.o(.text) refers to stm32f10x_rcc.o(.text) for RCC_BackupResetCmd
    stm32f10x_can.o(.text) refers to stm32f10x_rcc.o(.text) for RCC_APB1PeriphResetCmd
    stm32f10x_cec.o(.text) refers to stm32f10x_rcc.o(.text) for RCC_APB1PeriphResetCmd
    stm32f10x_dac.o(.text) refers to stm32f10x_rcc.o(.text) for RCC_APB1PeriphResetCmd
    stm32f10x_gpio.o(.text) refers to stm32f10x_rcc.o(.text) for RCC_APB2PeriphResetCmd
    stm32f10x_i2c.o(.text) refers to stm32f10x_rcc.o(.text) for RCC_APB1PeriphResetCmd
    stm32f10x_pwr.o(.text) refers to stm32f10x_rcc.o(.text) for RCC_APB1PeriphResetCmd
    stm32f10x_rcc.o(.text) refers to stm32f10x_rcc.o(.data) for APBAHBPrescTable
    stm32f10x_spi.o(.text) refers to stm32f10x_rcc.o(.text) for RCC_APB2PeriphResetCmd
    stm32f10x_tim.o(.text) refers to stm32f10x_rcc.o(.text) for RCC_APB2PeriphResetCmd
    stm32f10x_usart.o(.text) refers to stm32f10x_rcc.o(.text) for RCC_APB2PeriphResetCmd
    stm32f10x_wwdg.o(.text) refers to stm32f10x_rcc.o(.text) for RCC_APB1PeriphResetCmd
    startup_stm32f10x_hd.o(RESET) refers to startup_stm32f10x_hd.o(STACK) for __initial_sp
    startup_stm32f10x_hd.o(RESET) refers to startup_stm32f10x_hd.o(.text) for Reset_Handler
    startup_stm32f10x_hd.o(RESET) refers to stm32f10x_it.o(.text) for NMI_Handler
    startup_stm32f10x_hd.o(.text) refers to system_stm32f10x.o(.text) for SystemInit
    startup_stm32f10x_hd.o(.text) refers to entry.o(.ARM.Collect$$$$00000000) for __main
    led.o(.text) refers to stm32f10x_rcc.o(.text) for RCC_APB2PeriphClockCmd
    led.o(.text) refers to stm32f10x_gpio.o(.text) for GPIO_Init
    led.o(.text) refers to stm32f10x_tim.o(.text) for TIM_TimeBaseInit
    led.o(.text) refers to misc.o(.text) for NVIC_PriorityGroupConfig
    systick.o(.text) refers to system_stm32f10x.o(.data) for SystemCoreClock
    systick.o(.text) refers to systick.o(.data) for TimingDelay
    usart.o(.text) refers to stm32f10x_rcc.o(.text) for RCC_APB2PeriphClockCmd
    usart.o(.text) refers to stm32f10x_gpio.o(.text) for GPIO_Init
    usart.o(.text) refers to misc.o(.text) for NVIC_PriorityGroupConfig
    usart.o(.text) refers to stm32f10x_usart.o(.text) for USART_ITConfig
    buzzer.o(.text) refers to stm32f10x_rcc.o(.text) for RCC_APB2PeriphClockCmd
    buzzer.o(.text) refers to stm32f10x_gpio.o(.text) for GPIO_Init
    pwm.o(.text) refers to stm32f10x_rcc.o(.text) for RCC_APB2PeriphClockCmd
    pwm.o(.text) refers to stm32f10x_gpio.o(.text) for GPIO_Init
    entry.o(.ARM.Collect$$$$00000000) refers (Special) to entry7.o(.ARM.Collect$$$$00000007) for _main_init
    entry.o(.ARM.Collect$$$$00000000) refers (Special) to entry5.o(.ARM.Collect$$$$00000004) for _main_scatterload
    entry.o(.ARM.Collect$$$$00000000) refers (Special) to entry2.o(.ARM.Collect$$$$00000001) for _main_stk
    entry2.o(.ARM.Collect$$$$00000001) refers to entry2.o(.ARM.Collect$$$$00002712) for __lit__00000000
    entry2.o(.ARM.Collect$$$$00002712) refers to startup_stm32f10x_hd.o(STACK) for __initial_sp
    entry2.o(__vectab_stack_and_reset_area) refers to startup_stm32f10x_hd.o(STACK) for __initial_sp
    entry2.o(__vectab_stack_and_reset_area) refers to entry.o(.ARM.Collect$$$$00000000) for __main
    entry5.o(.ARM.Collect$$$$00000004) refers to init.o(.text) for __scatterload
    entry7.o(.ARM.Collect$$$$00000007) refers to main.o(.text) for main
    init.o(.text) refers to entry5.o(.ARM.Collect$$$$00000004) for __main_after_scatterload


==============================================================================

Removing Unused input sections from the image.

    Removing core_cm3.o(.emb_text), (32 bytes).
    Removing stm32f10x_adc.o(.text), (1088 bytes).
    Removing stm32f10x_bkp.o(.text), (196 bytes).
    Removing stm32f10x_can.o(.text), (2580 bytes).
    Removing stm32f10x_cec.o(.text), (312 bytes).
    Removing stm32f10x_crc.o(.text), (72 bytes).
    Removing stm32f10x_dac.o(.text), (424 bytes).
    Removing stm32f10x_dbgmcu.o(.text), (48 bytes).
    Removing stm32f10x_dma.o(.text), (584 bytes).
    Removing stm32f10x_exti.o(.text), (316 bytes).
    Removing stm32f10x_flash.o(.text), (1480 bytes).
    Removing stm32f10x_fsmc.o(.text), (1560 bytes).
    Removing stm32f10x_i2c.o(.text), (1008 bytes).
    Removing stm32f10x_iwdg.o(.text), (64 bytes).
    Removing stm32f10x_pwr.o(.text), (216 bytes).
    Removing stm32f10x_rtc.o(.text), (376 bytes).
    Removing stm32f10x_sdio.o(.text), (472 bytes).
    Removing stm32f10x_spi.o(.text), (784 bytes).
    Removing stm32f10x_wwdg.o(.text), (136 bytes).
    Removing startup_stm32f10x_hd.o(HEAP), (512 bytes).

20 unused section(s) (total 12260 bytes) removed from the image.

==============================================================================

Image Symbol Table

    Local Symbols

    Symbol Name                              Value     Ov Type        Size  Object(Section)

    ../../microlib/init/entry.s              0x00000000   Number         0  entry5.o ABSOLUTE
    ../../microlib/init/entry.s              0x00000000   Number         0  entry2.o ABSOLUTE
    ../../microlib/init/entry.s              0x00000000   Number         0  entry.o ABSOLUTE
    ../../microlib/init/entry.s              0x00000000   Number         0  entry7.o ABSOLUTE
    ..\..\CMSIS\core_cm3.c                   0x00000000   Number         0  core_cm3.o ABSOLUTE
    ..\..\CMSIS\system_stm32f10x.c           0x00000000   Number         0  system_stm32f10x.o ABSOLUTE
    ..\..\StartUp\startup_stm32f10x_hd.s     0x00000000   Number         0  startup_stm32f10x_hd.o ABSOLUTE
    ..\..\StdPeriph_Driver\src\misc.c        0x00000000   Number         0  misc.o ABSOLUTE
    ..\..\StdPeriph_Driver\src\stm32f10x_adc.c 0x00000000   Number         0  stm32f10x_adc.o ABSOLUTE
    ..\..\StdPeriph_Driver\src\stm32f10x_bkp.c 0x00000000   Number         0  stm32f10x_bkp.o ABSOLUTE
    ..\..\StdPeriph_Driver\src\stm32f10x_can.c 0x00000000   Number         0  stm32f10x_can.o ABSOLUTE
    ..\..\StdPeriph_Driver\src\stm32f10x_cec.c 0x00000000   Number         0  stm32f10x_cec.o ABSOLUTE
    ..\..\StdPeriph_Driver\src\stm32f10x_crc.c 0x00000000   Number         0  stm32f10x_crc.o ABSOLUTE
    ..\..\StdPeriph_Driver\src\stm32f10x_dac.c 0x00000000   Number         0  stm32f10x_dac.o ABSOLUTE
    ..\..\StdPeriph_Driver\src\stm32f10x_dbgmcu.c 0x00000000   Number         0  stm32f10x_dbgmcu.o ABSOLUTE
    ..\..\StdPeriph_Driver\src\stm32f10x_dma.c 0x00000000   Number         0  stm32f10x_dma.o ABSOLUTE
    ..\..\StdPeriph_Driver\src\stm32f10x_exti.c 0x00000000   Number         0  stm32f10x_exti.o ABSOLUTE
    ..\..\StdPeriph_Driver\src\stm32f10x_flash.c 0x00000000   Number         0  stm32f10x_flash.o ABSOLUTE
    ..\..\StdPeriph_Driver\src\stm32f10x_fsmc.c 0x00000000   Number         0  stm32f10x_fsmc.o ABSOLUTE
    ..\..\StdPeriph_Driver\src\stm32f10x_gpio.c 0x00000000   Number         0  stm32f10x_gpio.o ABSOLUTE
    ..\..\StdPeriph_Driver\src\stm32f10x_i2c.c 0x00000000   Number         0  stm32f10x_i2c.o ABSOLUTE
    ..\..\StdPeriph_Driver\src\stm32f10x_iwdg.c 0x00000000   Number         0  stm32f10x_iwdg.o ABSOLUTE
    ..\..\StdPeriph_Driver\src\stm32f10x_pwr.c 0x00000000   Number         0  stm32f10x_pwr.o ABSOLUTE
    ..\..\StdPeriph_Driver\src\stm32f10x_rcc.c 0x00000000   Number         0  stm32f10x_rcc.o ABSOLUTE
    ..\..\StdPeriph_Driver\src\stm32f10x_rtc.c 0x00000000   Number         0  stm32f10x_rtc.o ABSOLUTE
    ..\..\StdPeriph_Driver\src\stm32f10x_sdio.c 0x00000000   Number         0  stm32f10x_sdio.o ABSOLUTE
    ..\..\StdPeriph_Driver\src\stm32f10x_spi.c 0x00000000   Number         0  stm32f10x_spi.o ABSOLUTE
    ..\..\StdPeriph_Driver\src\stm32f10x_tim.c 0x00000000   Number         0  stm32f10x_tim.o ABSOLUTE
    ..\..\StdPeriph_Driver\src\stm32f10x_usart.c 0x00000000   Number         0  stm32f10x_usart.o ABSOLUTE
    ..\..\StdPeriph_Driver\src\stm32f10x_wwdg.c 0x00000000   Number         0  stm32f10x_wwdg.o ABSOLUTE
    ..\BUZZER\buzzer.c                       0x00000000   Number         0  buzzer.o ABSOLUTE
    ..\LED\led.c                             0x00000000   Number         0  led.o ABSOLUTE
    ..\PWM\pwm.c                             0x00000000   Number         0  pwm.o ABSOLUTE
    ..\SYSTICK\systick.c                     0x00000000   Number         0  systick.o ABSOLUTE
    ..\USART\usart.c                         0x00000000   Number         0  usart.o ABSOLUTE
    ..\User\main.c                           0x00000000   Number         0  main.o ABSOLUTE
    ..\User\stm32f10x_it.c                   0x00000000   Number         0  stm32f10x_it.o ABSOLUTE
    ..\\..\\CMSIS\\core_cm3.c                0x00000000   Number         0  core_cm3.o ABSOLUTE
    dc.s                                     0x00000000   Number         0  dc.o ABSOLUTE
    handlers.s                               0x00000000   Number         0  handlers.o ABSOLUTE
    init.s                                   0x00000000   Number         0  init.o ABSOLUTE
    RESET                                    0x08000000   Section      304  startup_stm32f10x_hd.o(RESET)
    .ARM.Collect$$$$00000000                 0x08000130   Section        0  entry.o(.ARM.Collect$$$$00000000)
    .ARM.Collect$$$$00000001                 0x08000130   Section        4  entry2.o(.ARM.Collect$$$$00000001)
    .ARM.Collect$$$$00000004                 0x08000134   Section        4  entry5.o(.ARM.Collect$$$$00000004)
    .ARM.Collect$$$$00000007                 0x08000138   Section        8  entry7.o(.ARM.Collect$$$$00000007)
    .ARM.Collect$$$$00002712                 0x08000140   Section        4  entry2.o(.ARM.Collect$$$$00002712)
    __lit__00000000                          0x08000140   Data           4  entry2.o(.ARM.Collect$$$$00002712)
    .text                                    0x08000144   Section        0  main.o(.text)
    .text                                    0x08000210   Section        0  stm32f10x_it.o(.text)
    .text                                    0x0800033c   Section        0  system_stm32f10x.o(.text)
    SetSysClockTo72                          0x0800033d   Thumb Code   192  system_stm32f10x.o(.text)
    SetSysClock                              0x080003fd   Thumb Code     8  system_stm32f10x.o(.text)
    .text                                    0x08000504   Section        0  misc.o(.text)
    .text                                    0x080005fc   Section        0  stm32f10x_gpio.o(.text)
    .text                                    0x08000954   Section        0  stm32f10x_rcc.o(.text)
    .text                                    0x08000cf8   Section        0  stm32f10x_tim.o(.text)
    TI4_Config                               0x08001181   Thumb Code   118  stm32f10x_tim.o(.text)
    TI3_Config                               0x08001209   Thumb Code   114  stm32f10x_tim.o(.text)
    TI2_Config                               0x08001291   Thumb Code   118  stm32f10x_tim.o(.text)
    TI1_Config                               0x08001319   Thumb Code   106  stm32f10x_tim.o(.text)
    .text                                    0x08001aa8   Section        0  stm32f10x_usart.o(.text)
    .text                                    0x08001ecc   Section       36  startup_stm32f10x_hd.o(.text)
    .text                                    0x08001ef0   Section        0  led.o(.text)
    .text                                    0x08001fa8   Section        0  systick.o(.text)
    .text                                    0x08002020   Section        0  usart.o(.text)
    .text                                    0x0800212c   Section        0  buzzer.o(.text)
    .text                                    0x08002180   Section        0  pwm.o(.text)
    .text                                    0x08002454   Section       36  init.o(.text)
    i.__scatterload_copy                     0x08002478   Section       14  handlers.o(i.__scatterload_copy)
    i.__scatterload_null                     0x08002486   Section        2  handlers.o(i.__scatterload_null)
    i.__scatterload_zeroinit                 0x08002488   Section       14  handlers.o(i.__scatterload_zeroinit)
    .data                                    0x20000000   Section        2  main.o(.data)
    .data                                    0x20000004   Section       13  stm32f10x_it.o(.data)
    string                                   0x20000004   Data           6  stm32f10x_it.o(.data)
    led_value                                0x2000000c   Data           4  stm32f10x_it.o(.data)
    counter                                  0x20000010   Data           1  stm32f10x_it.o(.data)
    .data                                    0x20000014   Section       20  system_stm32f10x.o(.data)
    .data                                    0x20000028   Section       20  stm32f10x_rcc.o(.data)
    APBAHBPrescTable                         0x20000028   Data          16  stm32f10x_rcc.o(.data)
    ADCPrescTable                            0x20000038   Data           4  stm32f10x_rcc.o(.data)
    .data                                    0x2000003c   Section        4  systick.o(.data)
    STACK                                    0x20000040   Section     1024  startup_stm32f10x_hd.o(STACK)

    Global Symbols

    Symbol Name                              Value     Ov Type        Size  Object(Section)

    BuildAttributes$$THM_ISAv4$P$D$K$B$S$PE$A:L22UL41UL21$X:L11$S22US41US21$IEEE1$IW$USESV6$~STKCKD$USESV7$~SHL$OSPACE$EBA8$MICROLIB$REQ8$PRES8$EABIv2 0x00000000   Number         0  anon$$obj.o ABSOLUTE
    __ARM_use_no_argv                        0x00000000   Number         0  main.o ABSOLUTE
    __decompress                              - Undefined Weak Reference
    __Vectors_Size                           0x00000130   Number         0  startup_stm32f10x_hd.o ABSOLUTE
    __Vectors                                0x08000000   Data           4  startup_stm32f10x_hd.o(RESET)
    __Vectors_End                            0x08000130   Data           0  startup_stm32f10x_hd.o(RESET)
    __main                                   0x08000131   Thumb Code     0  entry.o(.ARM.Collect$$$$00000000)
    _main_stk                                0x08000131   Thumb Code     0  entry2.o(.ARM.Collect$$$$00000001)
    _main_scatterload                        0x08000135   Thumb Code     0  entry5.o(.ARM.Collect$$$$00000004)
    __main_after_scatterload                 0x08000139   Thumb Code     0  entry5.o(.ARM.Collect$$$$00000004)
    _main_init                               0x08000139   Thumb Code     0  entry7.o(.ARM.Collect$$$$00000007)
    main                                     0x08000145   Thumb Code   198  main.o(.text)
    NMI_Handler                              0x08000211   Thumb Code     2  stm32f10x_it.o(.text)
    HardFault_Handler                        0x08000213   Thumb Code     4  stm32f10x_it.o(.text)
    MemManage_Handler                        0x08000217   Thumb Code     4  stm32f10x_it.o(.text)
    BusFault_Handler                         0x0800021b   Thumb Code     4  stm32f10x_it.o(.text)
    UsageFault_Handler                       0x0800021f   Thumb Code     4  stm32f10x_it.o(.text)
    SVC_Handler                              0x08000223   Thumb Code     2  stm32f10x_it.o(.text)
    DebugMon_Handler                         0x08000225   Thumb Code     2  stm32f10x_it.o(.text)
    PendSV_Handler                           0x08000227   Thumb Code     2  stm32f10x_it.o(.text)
    SysTick_Handler                          0x08000229   Thumb Code    12  stm32f10x_it.o(.text)
    TIM3_IRQHandler                          0x08000235   Thumb Code    56  stm32f10x_it.o(.text)
    USART1_IRQHandler                        0x0800026d   Thumb Code   180  stm32f10x_it.o(.text)
    SystemInit                               0x08000405   Thumb Code    78  system_stm32f10x.o(.text)
    SystemCoreClockUpdate                    0x08000453   Thumb Code   142  system_stm32f10x.o(.text)
    NVIC_PriorityGroupConfig                 0x08000505   Thumb Code    10  misc.o(.text)
    NVIC_Init                                0x0800050f   Thumb Code   118  misc.o(.text)
    NVIC_SetVectorTable                      0x08000585   Thumb Code    12  misc.o(.text)
    NVIC_SystemLPConfig                      0x08000591   Thumb Code    38  misc.o(.text)
    SysTick_CLKSourceConfig                  0x080005b7   Thumb Code    40  misc.o(.text)
    GPIO_DeInit                              0x080005fd   Thumb Code   172  stm32f10x_gpio.o(.text)
    GPIO_AFIODeInit                          0x080006a9   Thumb Code    20  stm32f10x_gpio.o(.text)
    GPIO_Init                                0x080006bd   Thumb Code   274  stm32f10x_gpio.o(.text)
    GPIO_StructInit                          0x080007cf   Thumb Code    16  stm32f10x_gpio.o(.text)
    GPIO_ReadInputDataBit                    0x080007df   Thumb Code    18  stm32f10x_gpio.o(.text)
    GPIO_ReadInputData                       0x080007f1   Thumb Code     8  stm32f10x_gpio.o(.text)
    GPIO_ReadOutputDataBit                   0x080007f9   Thumb Code    18  stm32f10x_gpio.o(.text)
    GPIO_ReadOutputData                      0x0800080b   Thumb Code     8  stm32f10x_gpio.o(.text)
    GPIO_SetBits                             0x08000813   Thumb Code     4  stm32f10x_gpio.o(.text)
    GPIO_ResetBits                           0x08000817   Thumb Code     4  stm32f10x_gpio.o(.text)
    GPIO_WriteBit                            0x0800081b   Thumb Code    10  stm32f10x_gpio.o(.text)
    GPIO_Write                               0x08000825   Thumb Code     4  stm32f10x_gpio.o(.text)
    GPIO_PinLockConfig                       0x08000829   Thumb Code    18  stm32f10x_gpio.o(.text)
    GPIO_EventOutputConfig                   0x0800083b   Thumb Code    26  stm32f10x_gpio.o(.text)
    GPIO_EventOutputCmd                      0x08000855   Thumb Code     6  stm32f10x_gpio.o(.text)
    GPIO_PinRemapConfig                      0x0800085b   Thumb Code   138  stm32f10x_gpio.o(.text)
    GPIO_EXTILineConfig                      0x080008e5   Thumb Code    66  stm32f10x_gpio.o(.text)
    GPIO_ETH_MediaInterfaceConfig            0x08000927   Thumb Code     6  stm32f10x_gpio.o(.text)
    RCC_DeInit                               0x08000955   Thumb Code    64  stm32f10x_rcc.o(.text)
    RCC_HSEConfig                            0x08000995   Thumb Code    70  stm32f10x_rcc.o(.text)
    RCC_GetFlagStatus                        0x080009db   Thumb Code    56  stm32f10x_rcc.o(.text)
    RCC_WaitForHSEStartUp                    0x08000a13   Thumb Code    48  stm32f10x_rcc.o(.text)
    RCC_AdjustHSICalibrationValue            0x08000a43   Thumb Code    20  stm32f10x_rcc.o(.text)
    RCC_HSICmd                               0x08000a57   Thumb Code     6  stm32f10x_rcc.o(.text)
    RCC_PLLConfig                            0x08000a5d   Thumb Code    24  stm32f10x_rcc.o(.text)
    RCC_PLLCmd                               0x08000a75   Thumb Code     6  stm32f10x_rcc.o(.text)
    RCC_SYSCLKConfig                         0x08000a7b   Thumb Code    18  stm32f10x_rcc.o(.text)
    RCC_GetSYSCLKSource                      0x08000a8d   Thumb Code    10  stm32f10x_rcc.o(.text)
    RCC_HCLKConfig                           0x08000a97   Thumb Code    18  stm32f10x_rcc.o(.text)
    RCC_PCLK1Config                          0x08000aa9   Thumb Code    18  stm32f10x_rcc.o(.text)
    RCC_PCLK2Config                          0x08000abb   Thumb Code    20  stm32f10x_rcc.o(.text)
    RCC_ITConfig                             0x08000acf   Thumb Code    30  stm32f10x_rcc.o(.text)
    RCC_USBCLKConfig                         0x08000aed   Thumb Code     6  stm32f10x_rcc.o(.text)
    RCC_ADCCLKConfig                         0x08000af3   Thumb Code    18  stm32f10x_rcc.o(.text)
    RCC_LSEConfig                            0x08000b05   Thumb Code    44  stm32f10x_rcc.o(.text)
    RCC_LSICmd                               0x08000b31   Thumb Code     6  stm32f10x_rcc.o(.text)
    RCC_RTCCLKConfig                         0x08000b37   Thumb Code    12  stm32f10x_rcc.o(.text)
    RCC_RTCCLKCmd                            0x08000b43   Thumb Code     6  stm32f10x_rcc.o(.text)
    RCC_GetClocksFreq                        0x08000b49   Thumb Code   192  stm32f10x_rcc.o(.text)
    RCC_AHBPeriphClockCmd                    0x08000c09   Thumb Code    26  stm32f10x_rcc.o(.text)
    RCC_APB2PeriphClockCmd                   0x08000c23   Thumb Code    26  stm32f10x_rcc.o(.text)
    RCC_APB1PeriphClockCmd                   0x08000c3d   Thumb Code    26  stm32f10x_rcc.o(.text)
    RCC_APB2PeriphResetCmd                   0x08000c57   Thumb Code    26  stm32f10x_rcc.o(.text)
    RCC_APB1PeriphResetCmd                   0x08000c71   Thumb Code    26  stm32f10x_rcc.o(.text)
    RCC_BackupResetCmd                       0x08000c8b   Thumb Code     6  stm32f10x_rcc.o(.text)
    RCC_ClockSecuritySystemCmd               0x08000c91   Thumb Code     6  stm32f10x_rcc.o(.text)
    RCC_MCOConfig                            0x08000c97   Thumb Code     6  stm32f10x_rcc.o(.text)
    RCC_ClearFlag                            0x08000c9d   Thumb Code    14  stm32f10x_rcc.o(.text)
    RCC_GetITStatus                          0x08000cab   Thumb Code    20  stm32f10x_rcc.o(.text)
    RCC_ClearITPendingBit                    0x08000cbf   Thumb Code     6  stm32f10x_rcc.o(.text)
    TIM_DeInit                               0x08000cf9   Thumb Code   424  stm32f10x_tim.o(.text)
    TIM_TimeBaseInit                         0x08000ea1   Thumb Code   122  stm32f10x_tim.o(.text)
    TIM_OC1Init                              0x08000f1b   Thumb Code   132  stm32f10x_tim.o(.text)
    TIM_OC2Init                              0x08000f9f   Thumb Code   146  stm32f10x_tim.o(.text)
    TIM_OC3Init                              0x08001031   Thumb Code   142  stm32f10x_tim.o(.text)
    TIM_OC4Init                              0x080010bf   Thumb Code   172  stm32f10x_tim.o(.text)
    TIM_SetIC4Prescaler                      0x0800116b   Thumb Code    22  stm32f10x_tim.o(.text)
    TIM_SetIC3Prescaler                      0x080011f7   Thumb Code    18  stm32f10x_tim.o(.text)
    TIM_SetIC2Prescaler                      0x0800127b   Thumb Code    22  stm32f10x_tim.o(.text)
    TIM_SetIC1Prescaler                      0x08001307   Thumb Code    18  stm32f10x_tim.o(.text)
    TIM_ICInit                               0x08001383   Thumb Code   150  stm32f10x_tim.o(.text)
    TIM_PWMIConfig                           0x08001419   Thumb Code   124  stm32f10x_tim.o(.text)
    TIM_BDTRConfig                           0x08001495   Thumb Code    32  stm32f10x_tim.o(.text)
    TIM_TimeBaseStructInit                   0x080014b5   Thumb Code    18  stm32f10x_tim.o(.text)
    TIM_OCStructInit                         0x080014c7   Thumb Code    20  stm32f10x_tim.o(.text)
    TIM_ICStructInit                         0x080014db   Thumb Code    18  stm32f10x_tim.o(.text)
    TIM_BDTRStructInit                       0x080014ed   Thumb Code    18  stm32f10x_tim.o(.text)
    TIM_Cmd                                  0x080014ff   Thumb Code    24  stm32f10x_tim.o(.text)
    TIM_CtrlPWMOutputs                       0x08001517   Thumb Code    52  stm32f10x_tim.o(.text)
    TIM_ITConfig                             0x0800154b   Thumb Code    24  stm32f10x_tim.o(.text)
    TIM_GenerateEvent                        0x08001563   Thumb Code     4  stm32f10x_tim.o(.text)
    TIM_DMAConfig                            0x08001567   Thumb Code    10  stm32f10x_tim.o(.text)
    TIM_DMACmd                               0x08001571   Thumb Code    24  stm32f10x_tim.o(.text)
    TIM_InternalClockConfig                  0x08001589   Thumb Code    12  stm32f10x_tim.o(.text)
    TIM_SelectInputTrigger                   0x08001595   Thumb Code    18  stm32f10x_tim.o(.text)
    TIM_ITRxExternalClockConfig              0x080015a7   Thumb Code    24  stm32f10x_tim.o(.text)
    TIM_TIxExternalClockConfig               0x080015bf   Thumb Code    62  stm32f10x_tim.o(.text)
    TIM_ETRConfig                            0x080015fd   Thumb Code    24  stm32f10x_tim.o(.text)
    TIM_ETRClockMode1Config                  0x08001615   Thumb Code    54  stm32f10x_tim.o(.text)
    TIM_ETRClockMode2Config                  0x0800164b   Thumb Code    32  stm32f10x_tim.o(.text)
    TIM_PrescalerConfig                      0x0800166b   Thumb Code     6  stm32f10x_tim.o(.text)
    TIM_CounterModeConfig                    0x08001671   Thumb Code    18  stm32f10x_tim.o(.text)
    TIM_EncoderInterfaceConfig               0x08001683   Thumb Code    62  stm32f10x_tim.o(.text)
    TIM_ForcedOC1Config                      0x080016c1   Thumb Code    18  stm32f10x_tim.o(.text)
    TIM_ForcedOC2Config                      0x080016d3   Thumb Code    22  stm32f10x_tim.o(.text)
    TIM_ForcedOC3Config                      0x080016e9   Thumb Code    18  stm32f10x_tim.o(.text)
    TIM_ForcedOC4Config                      0x080016fb   Thumb Code    22  stm32f10x_tim.o(.text)
    TIM_ARRPreloadConfig                     0x08001711   Thumb Code    24  stm32f10x_tim.o(.text)
    TIM_SelectCOM                            0x08001729   Thumb Code    24  stm32f10x_tim.o(.text)
    TIM_SelectCCDMA                          0x08001741   Thumb Code    24  stm32f10x_tim.o(.text)
    TIM_CCPreloadControl                     0x08001759   Thumb Code    24  stm32f10x_tim.o(.text)
    TIM_OC1PreloadConfig                     0x08001771   Thumb Code    18  stm32f10x_tim.o(.text)
    TIM_OC2PreloadConfig                     0x08001783   Thumb Code    22  stm32f10x_tim.o(.text)
    TIM_OC3PreloadConfig                     0x08001799   Thumb Code    18  stm32f10x_tim.o(.text)
    TIM_OC4PreloadConfig                     0x080017ab   Thumb Code    22  stm32f10x_tim.o(.text)
    TIM_OC1FastConfig                        0x080017c1   Thumb Code    18  stm32f10x_tim.o(.text)
    TIM_OC2FastConfig                        0x080017d3   Thumb Code    22  stm32f10x_tim.o(.text)
    TIM_OC3FastConfig                        0x080017e9   Thumb Code    18  stm32f10x_tim.o(.text)
    TIM_OC4FastConfig                        0x080017fb   Thumb Code    22  stm32f10x_tim.o(.text)
    TIM_ClearOC1Ref                          0x08001811   Thumb Code    18  stm32f10x_tim.o(.text)
    TIM_ClearOC2Ref                          0x08001823   Thumb Code    20  stm32f10x_tim.o(.text)
    TIM_ClearOC3Ref                          0x08001837   Thumb Code    18  stm32f10x_tim.o(.text)
    TIM_ClearOC4Ref                          0x08001849   Thumb Code    20  stm32f10x_tim.o(.text)
    TIM_OC1PolarityConfig                    0x0800185d   Thumb Code    18  stm32f10x_tim.o(.text)
    TIM_OC1NPolarityConfig                   0x0800186f   Thumb Code    18  stm32f10x_tim.o(.text)
    TIM_OC2PolarityConfig                    0x08001881   Thumb Code    22  stm32f10x_tim.o(.text)
    TIM_OC2NPolarityConfig                   0x08001897   Thumb Code    22  stm32f10x_tim.o(.text)
    TIM_OC3PolarityConfig                    0x080018ad   Thumb Code    22  stm32f10x_tim.o(.text)
    TIM_OC3NPolarityConfig                   0x080018c3   Thumb Code    22  stm32f10x_tim.o(.text)
    TIM_OC4PolarityConfig                    0x080018d9   Thumb Code    22  stm32f10x_tim.o(.text)
    TIM_CCxCmd                               0x080018ef   Thumb Code    34  stm32f10x_tim.o(.text)
    TIM_CCxNCmd                              0x08001911   Thumb Code    34  stm32f10x_tim.o(.text)
    TIM_SelectOCxM                           0x08001933   Thumb Code    82  stm32f10x_tim.o(.text)
    TIM_UpdateDisableConfig                  0x08001985   Thumb Code    24  stm32f10x_tim.o(.text)
    TIM_UpdateRequestConfig                  0x0800199d   Thumb Code    24  stm32f10x_tim.o(.text)
    TIM_SelectHallSensor                     0x080019b5   Thumb Code    24  stm32f10x_tim.o(.text)
    TIM_SelectOnePulseMode                   0x080019cd   Thumb Code    18  stm32f10x_tim.o(.text)
    TIM_SelectOutputTrigger                  0x080019df   Thumb Code    18  stm32f10x_tim.o(.text)
    TIM_SelectSlaveMode                      0x080019f1   Thumb Code    18  stm32f10x_tim.o(.text)
    TIM_SelectMasterSlaveMode                0x08001a03   Thumb Code    18  stm32f10x_tim.o(.text)
    TIM_SetCounter                           0x08001a15   Thumb Code     4  stm32f10x_tim.o(.text)
    TIM_SetAutoreload                        0x08001a19   Thumb Code     4  stm32f10x_tim.o(.text)
    TIM_SetCompare1                          0x08001a1d   Thumb Code     4  stm32f10x_tim.o(.text)
    TIM_SetCompare2                          0x08001a21   Thumb Code     4  stm32f10x_tim.o(.text)
    TIM_SetCompare3                          0x08001a25   Thumb Code     4  stm32f10x_tim.o(.text)
    TIM_SetCompare4                          0x08001a29   Thumb Code     6  stm32f10x_tim.o(.text)
    TIM_SetClockDivision                     0x08001a2f   Thumb Code    18  stm32f10x_tim.o(.text)
    TIM_GetCapture1                          0x08001a41   Thumb Code     6  stm32f10x_tim.o(.text)
    TIM_GetCapture2                          0x08001a47   Thumb Code     6  stm32f10x_tim.o(.text)
    TIM_GetCapture3                          0x08001a4d   Thumb Code     6  stm32f10x_tim.o(.text)
    TIM_GetCapture4                          0x08001a53   Thumb Code     8  stm32f10x_tim.o(.text)
    TIM_GetCounter                           0x08001a5b   Thumb Code     6  stm32f10x_tim.o(.text)
    TIM_GetPrescaler                         0x08001a61   Thumb Code     6  stm32f10x_tim.o(.text)
    TIM_GetFlagStatus                        0x08001a67   Thumb Code    18  stm32f10x_tim.o(.text)
    TIM_ClearFlag                            0x08001a79   Thumb Code     6  stm32f10x_tim.o(.text)
    TIM_GetITStatus                          0x08001a7f   Thumb Code    34  stm32f10x_tim.o(.text)
    TIM_ClearITPendingBit                    0x08001aa1   Thumb Code     6  stm32f10x_tim.o(.text)
    USART_DeInit                             0x08001aa9   Thumb Code   134  stm32f10x_usart.o(.text)
    USART_Init                               0x08001b2f   Thumb Code   210  stm32f10x_usart.o(.text)
    USART_StructInit                         0x08001c01   Thumb Code    24  stm32f10x_usart.o(.text)
    USART_ClockInit                          0x08001c19   Thumb Code    34  stm32f10x_usart.o(.text)
    USART_ClockStructInit                    0x08001c3b   Thumb Code    12  stm32f10x_usart.o(.text)
    USART_Cmd                                0x08001c47   Thumb Code    24  stm32f10x_usart.o(.text)
    USART_ITConfig                           0x08001c5f   Thumb Code    74  stm32f10x_usart.o(.text)
    USART_DMACmd                             0x08001ca9   Thumb Code    24  stm32f10x_usart.o(.text)
    USART_SetAddress                         0x08001cc1   Thumb Code    18  stm32f10x_usart.o(.text)
    USART_WakeUpConfig                       0x08001cd3   Thumb Code    18  stm32f10x_usart.o(.text)
    USART_ReceiverWakeUpCmd                  0x08001ce5   Thumb Code    24  stm32f10x_usart.o(.text)
    USART_LINBreakDetectLengthConfig         0x08001cfd   Thumb Code    18  stm32f10x_usart.o(.text)
    USART_LINCmd                             0x08001d0f   Thumb Code    24  stm32f10x_usart.o(.text)
    USART_GetFlagStatus                      0x08001d27   Thumb Code    26  stm32f10x_usart.o(.text)
    USART_SendData                           0x08001d41   Thumb Code    28  stm32f10x_usart.o(.text)
    USART_ReceiveData                        0x08001d5d   Thumb Code    10  stm32f10x_usart.o(.text)
    USART_SendBreak                          0x08001d67   Thumb Code    10  stm32f10x_usart.o(.text)
    USART_SetGuardTime                       0x08001d71   Thumb Code    16  stm32f10x_usart.o(.text)
    USART_SetPrescaler                       0x08001d81   Thumb Code    16  stm32f10x_usart.o(.text)
    USART_SmartCardCmd                       0x08001d91   Thumb Code    24  stm32f10x_usart.o(.text)
    USART_SmartCardNACKCmd                   0x08001da9   Thumb Code    24  stm32f10x_usart.o(.text)
    USART_HalfDuplexCmd                      0x08001dc1   Thumb Code    24  stm32f10x_usart.o(.text)
    USART_OverSampling8Cmd                   0x08001dd9   Thumb Code    22  stm32f10x_usart.o(.text)
    USART_OneBitMethodCmd                    0x08001def   Thumb Code    24  stm32f10x_usart.o(.text)
    USART_IrDAConfig                         0x08001e07   Thumb Code    18  stm32f10x_usart.o(.text)
    USART_IrDACmd                            0x08001e19   Thumb Code    24  stm32f10x_usart.o(.text)
    USART_ClearFlag                          0x08001e31   Thumb Code    18  stm32f10x_usart.o(.text)
    USART_GetITStatus                        0x08001e43   Thumb Code   106  stm32f10x_usart.o(.text)
    USART_ClearITPendingBit                  0x08001ead   Thumb Code    30  stm32f10x_usart.o(.text)
    Reset_Handler                            0x08001ecd   Thumb Code     8  startup_stm32f10x_hd.o(.text)
    ADC1_2_IRQHandler                        0x08001ee7   Thumb Code     0  startup_stm32f10x_hd.o(.text)
    ADC3_IRQHandler                          0x08001ee7   Thumb Code     0  startup_stm32f10x_hd.o(.text)
    CAN1_RX1_IRQHandler                      0x08001ee7   Thumb Code     0  startup_stm32f10x_hd.o(.text)
    CAN1_SCE_IRQHandler                      0x08001ee7   Thumb Code     0  startup_stm32f10x_hd.o(.text)
    DMA1_Channel1_IRQHandler                 0x08001ee7   Thumb Code     0  startup_stm32f10x_hd.o(.text)
    DMA1_Channel2_IRQHandler                 0x08001ee7   Thumb Code     0  startup_stm32f10x_hd.o(.text)
    DMA1_Channel3_IRQHandler                 0x08001ee7   Thumb Code     0  startup_stm32f10x_hd.o(.text)
    DMA1_Channel4_IRQHandler                 0x08001ee7   Thumb Code     0  startup_stm32f10x_hd.o(.text)
    DMA1_Channel5_IRQHandler                 0x08001ee7   Thumb Code     0  startup_stm32f10x_hd.o(.text)
    DMA1_Channel6_IRQHandler                 0x08001ee7   Thumb Code     0  startup_stm32f10x_hd.o(.text)
    DMA1_Channel7_IRQHandler                 0x08001ee7   Thumb Code     0  startup_stm32f10x_hd.o(.text)
    DMA2_Channel1_IRQHandler                 0x08001ee7   Thumb Code     0  startup_stm32f10x_hd.o(.text)
    DMA2_Channel2_IRQHandler                 0x08001ee7   Thumb Code     0  startup_stm32f10x_hd.o(.text)
    DMA2_Channel3_IRQHandler                 0x08001ee7   Thumb Code     0  startup_stm32f10x_hd.o(.text)
    DMA2_Channel4_5_IRQHandler               0x08001ee7   Thumb Code     0  startup_stm32f10x_hd.o(.text)
    EXTI0_IRQHandler                         0x08001ee7   Thumb Code     0  startup_stm32f10x_hd.o(.text)
    EXTI15_10_IRQHandler                     0x08001ee7   Thumb Code     0  startup_stm32f10x_hd.o(.text)
    EXTI1_IRQHandler                         0x08001ee7   Thumb Code     0  startup_stm32f10x_hd.o(.text)
    EXTI2_IRQHandler                         0x08001ee7   Thumb Code     0  startup_stm32f10x_hd.o(.text)
    EXTI3_IRQHandler                         0x08001ee7   Thumb Code     0  startup_stm32f10x_hd.o(.text)
    EXTI4_IRQHandler                         0x08001ee7   Thumb Code     0  startup_stm32f10x_hd.o(.text)
    EXTI9_5_IRQHandler                       0x08001ee7   Thumb Code     0  startup_stm32f10x_hd.o(.text)
    FLASH_IRQHandler                         0x08001ee7   Thumb Code     0  startup_stm32f10x_hd.o(.text)
    FSMC_IRQHandler                          0x08001ee7   Thumb Code     0  startup_stm32f10x_hd.o(.text)
    I2C1_ER_IRQHandler                       0x08001ee7   Thumb Code     0  startup_stm32f10x_hd.o(.text)
    I2C1_EV_IRQHandler                       0x08001ee7   Thumb Code     0  startup_stm32f10x_hd.o(.text)
    I2C2_ER_IRQHandler                       0x08001ee7   Thumb Code     0  startup_stm32f10x_hd.o(.text)
    I2C2_EV_IRQHandler                       0x08001ee7   Thumb Code     0  startup_stm32f10x_hd.o(.text)
    PVD_IRQHandler                           0x08001ee7   Thumb Code     0  startup_stm32f10x_hd.o(.text)
    RCC_IRQHandler                           0x08001ee7   Thumb Code     0  startup_stm32f10x_hd.o(.text)
    RTCAlarm_IRQHandler                      0x08001ee7   Thumb Code     0  startup_stm32f10x_hd.o(.text)
    RTC_IRQHandler                           0x08001ee7   Thumb Code     0  startup_stm32f10x_hd.o(.text)
    SDIO_IRQHandler                          0x08001ee7   Thumb Code     0  startup_stm32f10x_hd.o(.text)
    SPI1_IRQHandler                          0x08001ee7   Thumb Code     0  startup_stm32f10x_hd.o(.text)
    SPI2_IRQHandler                          0x08001ee7   Thumb Code     0  startup_stm32f10x_hd.o(.text)
    SPI3_IRQHandler                          0x08001ee7   Thumb Code     0  startup_stm32f10x_hd.o(.text)
    TAMPER_IRQHandler                        0x08001ee7   Thumb Code     0  startup_stm32f10x_hd.o(.text)
    TIM1_BRK_IRQHandler                      0x08001ee7   Thumb Code     0  startup_stm32f10x_hd.o(.text)
    TIM1_CC_IRQHandler                       0x08001ee7   Thumb Code     0  startup_stm32f10x_hd.o(.text)
    TIM1_TRG_COM_IRQHandler                  0x08001ee7   Thumb Code     0  startup_stm32f10x_hd.o(.text)
    TIM1_UP_IRQHandler                       0x08001ee7   Thumb Code     0  startup_stm32f10x_hd.o(.text)
    TIM2_IRQHandler                          0x08001ee7   Thumb Code     0  startup_stm32f10x_hd.o(.text)
    TIM4_IRQHandler                          0x08001ee7   Thumb Code     0  startup_stm32f10x_hd.o(.text)
    TIM5_IRQHandler                          0x08001ee7   Thumb Code     0  startup_stm32f10x_hd.o(.text)
    TIM6_IRQHandler                          0x08001ee7   Thumb Code     0  startup_stm32f10x_hd.o(.text)
    TIM7_IRQHandler                          0x08001ee7   Thumb Code     0  startup_stm32f10x_hd.o(.text)
    TIM8_BRK_IRQHandler                      0x08001ee7   Thumb Code     0  startup_stm32f10x_hd.o(.text)
    TIM8_CC_IRQHandler                       0x08001ee7   Thumb Code     0  startup_stm32f10x_hd.o(.text)
    TIM8_TRG_COM_IRQHandler                  0x08001ee7   Thumb Code     0  startup_stm32f10x_hd.o(.text)
    TIM8_UP_IRQHandler                       0x08001ee7   Thumb Code     0  startup_stm32f10x_hd.o(.text)
    UART4_IRQHandler                         0x08001ee7   Thumb Code     0  startup_stm32f10x_hd.o(.text)
    UART5_IRQHandler                         0x08001ee7   Thumb Code     0  startup_stm32f10x_hd.o(.text)
    USART2_IRQHandler                        0x08001ee7   Thumb Code     0  startup_stm32f10x_hd.o(.text)
    USART3_IRQHandler                        0x08001ee7   Thumb Code     0  startup_stm32f10x_hd.o(.text)
    USBWakeUp_IRQHandler                     0x08001ee7   Thumb Code     0  startup_stm32f10x_hd.o(.text)
    USB_HP_CAN1_TX_IRQHandler                0x08001ee7   Thumb Code     0  startup_stm32f10x_hd.o(.text)
    USB_LP_CAN1_RX0_IRQHandler               0x08001ee7   Thumb Code     0  startup_stm32f10x_hd.o(.text)
    WWDG_IRQHandler                          0x08001ee7   Thumb Code     0  startup_stm32f10x_hd.o(.text)
    LED_Configuration                        0x08001ef1   Thumb Code    46  led.o(.text)
    LED_Set                                  0x08001f1f   Thumb Code    14  led.o(.text)
    LED_SetBit                               0x08001f2d   Thumb Code    22  led.o(.text)
    LED_Interrupt                            0x08001f43   Thumb Code    92  led.o(.text)
    SysTick_Configuration                    0x08001fa9   Thumb Code    88  systick.o(.text)
    delay_ms                                 0x08002001   Thumb Code    16  systick.o(.text)
    USART_Configuration                      0x08002021   Thumb Code   188  usart.o(.text)
    USART1_SendData                          0x080020dd   Thumb Code    28  usart.o(.text)
    USART1_ReceiveData                       0x080020f9   Thumb Code    10  usart.o(.text)
    fputc                                    0x08002103   Thumb Code    32  usart.o(.text)
    Buzzer_Configuration                     0x0800212d   Thumb Code    50  buzzer.o(.text)
    Buzzer_OFF                               0x0800215f   Thumb Code    14  buzzer.o(.text)
    Buzzer_ON                                0x0800216d   Thumb Code    14  buzzer.o(.text)
    PWM_Init_TIM2                            0x08002181   Thumb Code   366  pwm.o(.text)
    PWM_SetArr                               0x080022ef   Thumb Code    54  pwm.o(.text)
    PWM_Configuration                        0x08002325   Thumb Code   130  pwm.o(.text)
    Set_Speed                                0x080023a7   Thumb Code   156  pwm.o(.text)
    __scatterload                            0x08002455   Thumb Code    28  init.o(.text)
    __scatterload_rt2                        0x08002455   Thumb Code     0  init.o(.text)
    __scatterload_copy                       0x08002479   Thumb Code    14  handlers.o(i.__scatterload_copy)
    __scatterload_null                       0x08002487   Thumb Code     2  handlers.o(i.__scatterload_null)
    __scatterload_zeroinit                   0x08002489   Thumb Code    14  handlers.o(i.__scatterload_zeroinit)
    Region$$Table$$Base                      0x08002498   Number         0  anon$$obj.o(Region$$Table)
    Region$$Table$$Limit                     0x080024b8   Number         0  anon$$obj.o(Region$$Table)
    instruction                              0x20000000   Data           2  main.o(.data)
    SystemCoreClock                          0x20000014   Data           4  system_stm32f10x.o(.data)
    AHBPrescTable                            0x20000018   Data          16  system_stm32f10x.o(.data)
    TimingDelay                              0x2000003c   Data           4  systick.o(.data)
    __initial_sp                             0x20000440   Data           0  startup_stm32f10x_hd.o(STACK)



==============================================================================

Memory Map of the image

  Image Entry point : 0x08000131

  Load Region LR_IROM1 (Base: 0x08000000, Size: 0x000024f8, Max: 0x00080000, ABSOLUTE)

    Execution Region ER_IROM1 (Base: 0x08000000, Size: 0x000024b8, Max: 0x00080000, ABSOLUTE)

    Base Addr    Size         Type   Attr      Idx    E Section Name        Object

    0x08000000   0x00000130   Data   RO          450    RESET               startup_stm32f10x_hd.o
    0x08000130   0x00000000   Code   RO          522  * .ARM.Collect$$$$00000000  mc_w.l(entry.o)(mc_w.l)
    0x08000130   0x00000004   Code   RO          525    .ARM.Collect$$$$00000001  mc_w.l(entry2.o)(mc_w.l)
    0x08000134   0x00000004   Code   RO          528    .ARM.Collect$$$$00000004  mc_w.l(entry5.o)(mc_w.l)
    0x08000138   0x00000008   Code   RO          529    .ARM.Collect$$$$00000007  mc_w.l(entry7.o)(mc_w.l)
    0x08000140   0x00000004   Code   RO          526    .ARM.Collect$$$$00002712  mc_w.l(entry2.o)(mc_w.l)
    0x08000144   0x000000cc   Code   RO            1    .text               main.o
    0x08000210   0x0000012c   Code   RO           96    .text               stm32f10x_it.o
    0x0800033c   0x000001c8   Code   RO          125    .text               system_stm32f10x.o
    0x08000504   0x000000f8   Code   RO          143    .text               misc.o
    0x080005fc   0x00000358   Code   RO          302    .text               stm32f10x_gpio.o
    0x08000954   0x000003a4   Code   RO          353    .text               stm32f10x_rcc.o
    0x08000cf8   0x00000dae   Code   RO          412    .text               stm32f10x_tim.o
    0x08001aa6   0x00000002   PAD
    0x08001aa8   0x00000422   Code   RO          424    .text               stm32f10x_usart.o
    0x08001eca   0x00000002   PAD
    0x08001ecc   0x00000024   Code   RO          451    .text               startup_stm32f10x_hd.o
    0x08001ef0   0x000000b8   Code   RO          455    .text               led.o
    0x08001fa8   0x00000078   Code   RO          467    .text               systick.o
    0x08002020   0x0000010c   Code   RO          486    .text               usart.o
    0x0800212c   0x00000054   Code   RO          498    .text               buzzer.o
    0x08002180   0x000002d4   Code   RO          510    .text               pwm.o
    0x08002454   0x00000024   Code   RO          530    .text               mc_w.l(init.o)(mc_w.l)
    0x08002478   0x0000000e   Code   RO          534    i.__scatterload_copy  mc_w.l(handlers.o)(mc_w.l)
    0x08002486   0x00000002   Code   RO          535    i.__scatterload_null  mc_w.l(handlers.o)(mc_w.l)
    0x08002488   0x0000000e   Code   RO          536    i.__scatterload_zeroinit  mc_w.l(handlers.o)(mc_w.l)
    0x08002496   0x00000002   PAD
    0x08002498   0x00000020   Data   RO          532    Region$$Table       anon$$obj.o


    Execution Region RW_IRAM1 (Base: 0x20000000, Size: 0x00000440, Max: 0x00010000, ABSOLUTE)

    Base Addr    Size         Type   Attr      Idx    E Section Name        Object

    0x20000000   0x00000002   Data   RW            2    .data               main.o
    0x20000002   0x00000002   PAD
    0x20000004   0x0000000d   Data   RW           97    .data               stm32f10x_it.o
    0x20000011   0x00000003   PAD
    0x20000014   0x00000014   Data   RW          126    .data               system_stm32f10x.o
    0x20000028   0x00000014   Data   RW          354    .data               stm32f10x_rcc.o
    0x2000003c   0x00000004   Data   RW          468    .data               systick.o
    0x20000040   0x00000400   Zero   RW          448    STACK               startup_stm32f10x_hd.o


==============================================================================

Image component sizes


      Code (inc. data)   RO Data    RW Data    ZI Data      Debug   Object Name

        84          6          0          0          0          0   buzzer.o
         0          0          0          0          0          0   core_cm3.o
       184         10          0          0          0          0   led.o
       204          6          0          2          0          0   main.o
       248         30          0          0          0          0   misc.o
       724         18          0          0          0          0   pwm.o
        36          8        304          0       1024          0   startup_stm32f10x_hd.o
       856         40          0          0          0          0   stm32f10x_gpio.o
       300         28          0         13          0          0   stm32f10x_it.o
       932         52          0         20          0          0   stm32f10x_rcc.o
      3502         86          0          0          0          0   stm32f10x_tim.o
      1058         22          0          0          0          0   stm32f10x_usart.o
       456         36          0         20          0          0   system_stm32f10x.o
       120         16          0          4          0          0   systick.o
       268         10          0          0          0          0   usart.o

    ----------------------------------------------------------------------
      8976        368        336         64       1024          0   Object Totals
         0          0         32          0          0          0   (incl. Generated)
         4          0          0          5          0          3   (incl. Padding)

    ----------------------------------------------------------------------

      Code (inc. data)   RO Data    RW Data    ZI Data      Debug   Library Member Name

         0          0          0          0          0          0   entry.o
         8          4          0          0          0          0   entry2.o
         4          0          0          0          0          0   entry5.o
         8          4          0          0          0          0   entry7.o
        30          0          0          0          0          0   handlers.o
        36          8          0          0          0          0   init.o

    ----------------------------------------------------------------------
        88         16          0          0          0          0   Library Totals
         2          0          0          0          0          0   (incl. Padding)

    ----------------------------------------------------------------------

      Code (inc. data)   RO Data    RW Data    ZI Data      Debug   Library Name

        86         16          0          0          0         68   mc_w.l

    ----------------------------------------------------------------------
        88         16          0          0          0          0   Library Totals

    ----------------------------------------------------------------------

==============================================================================


      Code (inc. data)   RO Data    RW Data    ZI Data      Debug   

      9064        384        336         64       1024     325420   Grand Totals
      9064        384        336         64       1024     325420   ELF Image Totals
      9064        384        336         64          0          0   ROM Totals

==============================================================================

    Total RO  Size (Code + RO Data)                 9400 (   9.18kB)
    Total RW  Size (RW Data + ZI Data)              1088 (   1.06kB)
    Total ROM Size (Code + RO Data + RW Data)       9464 (   9.24kB)

==============================================================================

